// Jest Snapshot v1, https://goo.gl/fbAQLP

exports[`TopTodo component matches snapshot 1`] = `
<div>
  <div
    class="Todo"
  >
    <div>
      <b>
        testTitle1
      </b>

      <small>
        (priority:
        1
        )
      </small>
    </div>
    <div>
      <small>
        test description1
      </small>
    </div>
  </div>
</div>
`;
